MULTI_COMMENT           /*jdkjdkje
*
*
*/
CHARACTER LITERAL             a
CHARACTER LITERAL    

CHARACTER LITERAL    CHARACTER LITERAL                       t
CHARACTER LITERAL             \
STRING LITERAL       hello my 'name' 
 is mia 
IDENTIFIER           helellsjdifjeiojsofjei
STRING LITERAL       is this right 
STRING LITERAL                 
STRING LITERAL               oh
STRING LITERAL       hmmmmmmm    
FORWARD SLASH                           /
ASTERISK                                *
IDENTIFIER                       jdfkdjej
IDENTIFIER                              d
IDENTIFIER                              d
