IDENTIFIER                           This
IDENTIFIER                             is
IDENTIFIER                              a
IDENTIFIER                        comment
