IDENTIFIER                    intFunction
IDENTIFIER                         intVar
IDENTIFIER                        boolVar
IDENTIFIER                        boolVar
IDENTIFIER                         intVar
IDENTIFIER                         intVar
INTEGER_LITERAL                         2
IDENTIFIER                         intVar
IDENTIFIER                     getLargest
IDENTIFIER                      intArrVar
IDENTIFIER                            int
IDENTIFIER                            len
IDENTIFIER                        largest
INTEGER_LITERAL                         0
IDENTIFIER                              x
IDENTIFIER                              x
INTEGER_LITERAL                         0
IDENTIFIER                              x
IDENTIFIER                            len
IDENTIFIER                              x
IDENTIFIER                      intArrVar
IDENTIFIER                              x
IDENTIFIER                        largest
IDENTIFIER                        largest
IDENTIFIER                      intArrVar
IDENTIFIER                              x
IDENTIFIER                        largest
IDENTIFIER                           main
IDENTIFIER                           argc
IDENTIFIER                           argv
IDENTIFIER                              b
INTEGER_LITERAL                        10
INTEGER_LITERAL                         0
INTEGER_LITERAL                         1
INTEGER_LITERAL                         2
INTEGER_LITERAL                         3
INTEGER_LITERAL                         4
INTEGER_LITERAL                         5
IDENTIFIER                              b
INTEGER_LITERAL                         4
INTEGER_LITERAL                         6
IDENTIFIER                              i
IDENTIFIER                              z
IDENTIFIER                    intFunction
IDENTIFIER                              i
IDENTIFIER                 intArrFunction
IDENTIFIER                              v
IDENTIFIER                              z
