IDENTIFIER                           bool
IDENTIFIER                           bool
IDENTIFIER                           bool
INTEGER_LITERAL                         5
INTEGER_LITERAL                         4
