STRING LITERAL       This is a string
STRING LITERAL       Notre 
 Dame
STRING LITERAL                 
STRING LITERAL        string with numbers 3213
STRING LITERAL       String with @@ works in the program
STRING LITERAL                 
