IDENTIFIER                              x
IDENTIFIER                              x
INTEGER_LITERAL                         0
IDENTIFIER                              x
INTEGER_LITERAL                         5
IDENTIFIER                              x
STRING LITERAL       counting: 
IDENTIFIER                              x
IDENTIFIER                              a
INTEGER_LITERAL                         0
IDENTIFIER                              a
INTEGER_LITERAL                         0
IDENTIFIER                              a
