IDENTIFIER                              z
INTEGER_LITERAL                         5
INTEGER_LITERAL                         4
IDENTIFIER                              z
INTEGER_LITERAL                        15
INTEGER_LITERAL                         5
INTEGER_LITERAL                         4
INTEGER_LITERAL                         3
INTEGER_LITERAL                         7
IDENTIFIER                              z
IDENTIFIER                              x
IDENTIFIER                              y
INTEGER_LITERAL                         5
INTEGER_LITERAL                         4
INTEGER_LITERAL                        20
IDENTIFIER                              v
INTEGER_LITERAL                        15
INTEGER_LITERAL                         6
IDENTIFIER                              z
IDENTIFIER                              z
IDENTIFIER                              w
