IDENTIFIER                           main
IDENTIFIER                           argc
IDENTIFIER                           argv
IDENTIFIER                   boolFunction
IDENTIFIER                         intVar
IDENTIFIER                         intVar
INTEGER_LITERAL                         5
IDENTIFIER                    intFunction
IDENTIFIER                              n
IDENTIFIER                          total
INTEGER_LITERAL                         0
IDENTIFIER                            int
IDENTIFIER                          count
IDENTIFIER                          count
INTEGER_LITERAL                         0
IDENTIFIER                          count
IDENTIFIER                              n
INTEGER_LITERAL                        +1
IDENTIFIER                          count
IDENTIFIER                          total
IDENTIFIER                          total
IDENTIFIER                          count
