IDENTIFIER                              a
IDENTIFIER                             ab
IDENTIFIER                            ab3
IDENTIFIER                           ab3a
INTEGER_LITERAL                     12314
INTEGER_LITERAL                         1
INTEGER_LITERAL                        12
INTEGER_LITERAL                       123
CHARACTER LITERAL             A
STRING LITERAL                 
STRING LITERAL                a
STRING LITERAL               aa
