IDENTIFIER                            str
STRING LITERAL                 
IDENTIFIER                            str
STRING LITERAL       hello this is a string!
IDENTIFIER                            str
STRING LITERAL       hello this is 1 a string!
IDENTIFIER                            str
STRING LITERAL       11234567891123456789112345678911234567891123456789112345678911234567891123456789112345678911234567891123456789112345678911234567891123456789112345678911234567
