IDENTIFIER                              z
IDENTIFIER                              x
IDENTIFIER                              x
INTEGER_LITERAL                         2
IDENTIFIER                              x
INTEGER_LITERAL                         2
IDENTIFIER                              z
IDENTIFIER                              x
INTEGER_LITERAL                         2
IDENTIFIER                              z
INTEGER_LITERAL                         5
INTEGER_LITERAL                         6
IDENTIFIER                              z
INTEGER_LITERAL                         5
INTEGER_LITERAL                         6
IDENTIFIER                              z
INTEGER_LITERAL                         5
INTEGER_LITERAL                         6
IDENTIFIER                              z
INTEGER_LITERAL                         5
INTEGER_LITERAL                         6
IDENTIFIER                              q
IDENTIFIER                              z
IDENTIFIER                              z
INTEGER_LITERAL                         7
INTEGER_LITERAL                         7
IDENTIFIER                              z
